Turbo Assembler	 Version 4.1	    02/17/23 01:45:50	    Page 1
colortxt.asm



      1	0000			     .model tiny
      2	0000			     .code
      3
      4				     org 100h
      5
      6	0100			     Start:
      7	0100  BB B800			     mov bx, 0b800h
      8	0103  8E C3			     mov es, bx
      9	0105  BB 02CE			     mov bx, 160d * 4d + 78d	     ; setting place of	string (line 5)
     10
     11	0108  BE 0128r			     mov si, offset String	     ; setting string to print
     12	010B  B4 00			     mov ah, 00h		     ; setting color
     13
     14	010D  E8 0001			     call PrintString
     15	0110  C3			     ret
     16
     17				     ;----------------------------------------------------------------------------
     18				     ; Prints string
     19				     ; String format: sym1 - attr1, sym2 - attr2, sym3 = ...
     20				     ; Example:	41h, 05h, 24h -	A
     21				     ;----------------------------------------------------------------------------
     22				     ; Entry:	     BX	- place	where to print letter
     23				     ;		     SI	- pointer to string
     24				     ; Exit:	     None
     25				     ; Expects:	     ES	-> video register (b800h)
     26				     ; Destroys:     AX, BX, SI
     27				     ;---------------------------------------------------------------------------
     28
     29	0111			     PrintString:
     30	0111  8A 04			     mov al, [si]
     31	0113  8A E0			     mov ah, al			     ; setting color of	letter
     32
     33	0115  8A 04			     mov al, [si]		     ; getting letter to al
     34	0117  3C 24			     cmp al, '$'
     35	0119  74 08			     je	Exit
     36
     37	011B  46			     inc si
     38					     ; flag
     39	011C  26: 89 07			     mov word ptr es:[bx], ax
     40	011F  43			     inc bx			     ; printing	letter
     41					     ;inc si
     42	0120  EB EF			     jmp PrintString
     43	0122  C3			     ret
     44
     45	0123			     Exit:
     46	0123  B8 4C00			     mov ax, 4c00h		     ; exit(0)
     47	0126  CD 21			     int 21h
     48
     49
     50	0128  41 05 42 05 43 06	44+  String: db	41h, 05h, 42h, 05h, 43h, 06h, 44h, 05h,	45h, 06h, 00h, '$'
     51	      05 45 06 00 24
     52					     ; ABCDE (colored) every even letter is a color for	the following ascii
     53
     54
     55				     end     Start
Turbo Assembler	 Version 4.1	    02/17/23 01:45:50	    Page 2
Symbol Table




Symbol Name			  Type	 Value

??DATE				  Text	 "02/17/23"
??FILENAME			  Text	 "colortxt"
??TIME				  Text	 "01:45:50"
??VERSION			  Number 040A
@32BIT				  Text	 0
@CODE				  Text	 DGROUP
@CODESIZE			  Text	 0
@CPU				  Text	 0101H
@CURSEG				  Text	 _TEXT
@DATA				  Text	 DGROUP
@DATASIZE			  Text	 0
@FILENAME			  Text	 COLORTXT
@INTERFACE			  Text	 000H
@MODEL				  Text	 1
@STACK				  Text	 DGROUP
@WORDSIZE			  Text	 2
EXIT				  Near	 DGROUP:0123
PRINTSTRING			  Near	 DGROUP:0111
START				  Near	 DGROUP:0100
STRING				  Near	 DGROUP:0128

Groups & Segments		  Bit Size Align  Combine Class

DGROUP				  Group
  _DATA				  16  0000 Word	  Public  DATA
  _TEXT				  16  0134 Word	  Public  CODE
