Turbo Assembler	 Version 4.1	    02/13/23 15:09:27	    Page 1
colortxt.asm



      1	0000			     .model tiny
      2	0000			     .code
      3
      4				     org 100h
      5
      6	0100			     Start:
      7	0100  BB B800			     mov bx, 0b800h
      8	0103  8E C3			     mov es, bx
      9	0105  BB 02CE			     mov bx, 160d * 4d + 78d	     ; setting place of	string (line 5)
     10
     11	0108  BE 0128r			     mov si, offset String	     ; setting string to print
     12	010B  B4 00			     mov ah, 00h		     ; setting color
     13
     14	010D  E8 0001			     call PrintString
     15	0110  C3			     ret
     16
     17				     ;----------------------------------------------------------------------------
     18				     ; Function	that prints string (first code is color, second	is ascii letter)
     19				     ;----------------------------------------------------------------------------
     20				     ; Entry:	     BX	- place	where to print letter
     21				     ;		     SI	- pointer to string
     22				     ; Exit:	     None
     23				     ; Expects:	     ES	-> video register (b800h)
     24				     ; Destroys:     AX, BX, SI
     25				     ;---------------------------------------------------------------------------
     26
     27	0111			     PrintString:
     28	0111  8A 04			     mov al, [si]
     29	0113  8A E0			     mov ah, al			     ; setting color of	letter
     30
     31	0115  8A 04			     mov al, [si]
     32	0117  46			     inc si		     ; getting letter to al
     33	0118  3C 24			     cmp al, '$'
     34	011A  74 07			     je	Exit
     35
     36	011C  26: 89 07			     mov word ptr es:[bx], ax
     37	011F  43			     inc bx			     ; printing	letter
     38					     ;inc si
     39	0120  EB EF			     jmp PrintString
     40	0122  C3			     ret
     41
     42	0123			     Exit:
     43	0123  B8 4C00			     mov ax, 4c00h		     ; exit(0)
     44	0126  CD 21			     int 21h
     45
     46
     47	0128  41 05 42 05 43 06	44+  String: db	41h, 05h, 42h, 05h, 43h, 06h, 44h, 05h,	45h, 06h, 00h, '$'
     48	      05 45 06 00 24
     49					     ; ABCDE (colored) every even letter is a color for	the following ascii
     50
     51
     52				     end     Start
Turbo Assembler	 Version 4.1	    02/13/23 15:09:27	    Page 2
Symbol Table




Symbol Name			  Type	 Value

??DATE				  Text	 "02/13/23"
??FILENAME			  Text	 "colortxt"
??TIME				  Text	 "15:09:27"
??VERSION			  Number 040A
@32BIT				  Text	 0
@CODE				  Text	 DGROUP
@CODESIZE			  Text	 0
@CPU				  Text	 0101H
@CURSEG				  Text	 _TEXT
@DATA				  Text	 DGROUP
@DATASIZE			  Text	 0
@FILENAME			  Text	 COLORTXT
@INTERFACE			  Text	 000H
@MODEL				  Text	 1
@STACK				  Text	 DGROUP
@WORDSIZE			  Text	 2
EXIT				  Near	 DGROUP:0123
PRINTSTRING			  Near	 DGROUP:0111
START				  Near	 DGROUP:0100
STRING				  Near	 DGROUP:0128

Groups & Segments		  Bit Size Align  Combine Class

DGROUP				  Group
  _DATA				  16  0000 Word	  Public  DATA
  _TEXT				  16  0134 Word	  Public  CODE
