Turbo Assembler	 Version 4.1	    02/28/23 23:50:15	    Page 1
iter1.asm



      1	0000			     .model tiny
      2	0000			     .code
      3
      4				     org 100h
      5
      6				     locals @@
      7
      8	0100  BB B800		     Start:	 mov bx, 0b800h
      9	0103  8E C3				 mov es, bx
     10	0105  BB 0370				 mov bx, 160d *	5d + 80d	 ; setting position on screen
     11
     12	0108  B4 4E		     @@Cycle:	 mov ah, 4eh			 ; setting color for print
     13	010A  E4 60				 in al,	60h			 ; getting value from keyboard port (read only)
     14	010C  26: 89 07				 mov es:[bx], ax		 ; print what's	inside
     15										 ; it's	not ascii, but scan code!
     16	010F  3C 01				 cmp al, 1			 ; if key == ESC: exit()
     17	0111  75 F5				 jne @@Cycle
     18
     19	0113  C3		     @@Exit:	 ret
     20
     21				     end	 Start
Turbo Assembler	 Version 4.1	    02/28/23 23:50:15	    Page 2
Symbol Table




Symbol Name			  Type	 Value

??DATE				  Text	 "02/28/23"
??FILENAME			  Text	 "iter1	  "
??TIME				  Text	 "23:50:15"
??VERSION			  Number 040A
@32BIT				  Text	 0
@@CYCLE				  Near	 DGROUP:0108
@@EXIT				  Near	 DGROUP:0113
@CODE				  Text	 DGROUP
@CODESIZE			  Text	 0
@CPU				  Text	 0101H
@CURSEG				  Text	 _TEXT
@DATA				  Text	 DGROUP
@DATASIZE			  Text	 0
@FILENAME			  Text	 ITER1
@INTERFACE			  Text	 000H
@MODEL				  Text	 1
@STACK				  Text	 DGROUP
@WORDSIZE			  Text	 2
START				  Near	 DGROUP:0100

Groups & Segments		  Bit Size Align  Combine Class

DGROUP				  Group
  _DATA				  16  0000 Word	  Public  DATA
  _TEXT				  16  0114 Word	  Public  CODE
