Turbo Assembler	 Version 4.1	    02/13/23 15:17:58	    Page 1
first.asm



      1	0000			     .model tiny
      2	0000			     .code
      3
      4				     org 100h
      5
      6	0100			     Start:
      7
      8	0100  B4 09			     mov ah, 09h
      9	0102  BA 0112r			     mov dx, offset Message1
     10	0105  CD 21			     int 21h
     11
     12	0107  B4 02			     mov ah, 02h
     13	0109  B2 48			     mov dl, 48h
     14	010B  CD 21			     int 21h
     15
     16	010D  B8 4C00			     mov ax, 4c00h
     17	0110  CD 21			     int 21h
     18
     19	0112  46 55 43 48 20 4F	46+  Message1: db  46h,	55h, 43h, 48h, 20h, 4fh, 46h, 46h, 24h
     20	      46 24
     21
     22				     end Start
Turbo Assembler	 Version 4.1	    02/13/23 15:17:58	    Page 2
Symbol Table




Symbol Name			  Type	 Value

??DATE				  Text	 "02/13/23"
??FILENAME			  Text	 "first	  "
??TIME				  Text	 "15:17:58"
??VERSION			  Number 040A
@32BIT				  Text	 0
@CODE				  Text	 DGROUP
@CODESIZE			  Text	 0
@CPU				  Text	 0101H
@CURSEG				  Text	 _TEXT
@DATA				  Text	 DGROUP
@DATASIZE			  Text	 0
@FILENAME			  Text	 FIRST
@INTERFACE			  Text	 000H
@MODEL				  Text	 1
@STACK				  Text	 DGROUP
@WORDSIZE			  Text	 2
MESSAGE1			  Near	 DGROUP:0112
START				  Near	 DGROUP:0100

Groups & Segments		  Bit Size Align  Combine Class

DGROUP				  Group
  _DATA				  16  0000 Word	  Public  DATA
  _TEXT				  16  011B Word	  Public  CODE
